Frozen hashes verified (Phase58, Phase58D, S54 unchanged)
Phase58D opportunities: 87,809  traded: 61,953
Building MTF arrays...
Running direction audit (T0, D4-R1)...
  audit 10000/87809...
  audit 20000/87809...
  audit 30000/87809...
  audit 40000/87809...
  audit 50000/87809...
  audit 60000/87809...
  audit 70000/87809...
  audit 80000/87809...
Simulating shadow books...
Evaluating direction model variants...
Traceback (most recent call last):
  File "/Users/anishalleti/Library/Python/3.9/lib/python/site-packages/pandas/core/indexes/base.py", line 3812, in get_loc
    return self._engine.get_loc(casted_key)
  File "pandas/_libs/index.pyx", line 167, in pandas._libs.index.IndexEngine.get_loc
  File "pandas/_libs/index.pyx", line 196, in pandas._libs.index.IndexEngine.get_loc
  File "pandas/_libs/hashtable_class_helper.pxi", line 7088, in pandas._libs.hashtable.PyObjectHashTable.get_item
  File "pandas/_libs/hashtable_class_helper.pxi", line 7096, in pandas._libs.hashtable.PyObjectHashTable.get_item
KeyError: 'location_score'

The above exception was the direct cause of the following exception:

Traceback (most recent call last):
  File "/Users/anishalleti/CRT indicator/phase58e/run.py", line 288, in <module>
    main()
  File "/Users/anishalleti/CRT indicator/phase58e/run.py", line 154, in main
    loc_mat = location_direction_matrix(audit_traded, trades_d, cfg.get("location_high_threshold", 2))
  File "/Users/anishalleti/CRT indicator/phase58e/research/analysis.py", line 34, in location_direction_matrix
    m["loc_good"] = m["location_score"] >= loc_thr
  File "/Users/anishalleti/Library/Python/3.9/lib/python/site-packages/pandas/core/frame.py", line 4113, in __getitem__
    indexer = self.columns.get_loc(key)
  File "/Users/anishalleti/Library/Python/3.9/lib/python/site-packages/pandas/core/indexes/base.py", line 3819, in get_loc
    raise KeyError(key) from err
KeyError: 'location_score'
Frozen hashes verified (Phase58, Phase58D, S54 unchanged)
Phase58D opportunities: 87,809  traded: 61,953
Building MTF arrays...
Running direction audit (T0, D4-R1)...
  loading cached direction_audit...
Simulating shadow books...
Evaluating direction model variants...

Phase58E complete in 2.3 min
            model  trades      AvgR       PF        TotalR        MaxDD  WinRate  flipped_directions
Phase58D_original   61953  0.176830 1.229907  10955.165518  3205.362990 0.441012                   0
      PHASE58E_T0   61953 -0.510441 0.507691 -31623.357612 31624.152820 0.246138               48263
      PHASE58E_T1   61953 -0.606974 0.434873 -37603.856316 37604.651524 0.218617               48505
               D1   61953 -0.043968 0.948447  -2723.923472  6466.515016 0.378158                   0
               D2   61953  0.014695 1.017706    910.413194  5488.229219 0.394815                   0
               D3   61953  0.126830 1.160940   7857.506693  3912.372534 0.426824                   0
            D4-R0   61953 -0.008991 0.989322   -557.016382  6211.385266 0.388294                   0
            D4-R1   61953 -0.510441 0.507691 -31623.357612 31624.152820 0.246138                   0
            D4-R2   61953 -0.246960 0.735078 -15299.882842 15368.110161 0.320840                   0
