Building MTF arrays...
Loading cached Phase58 trades from p58_trades_cache.parquet...
Running Phase58D variant E...
Running Pine-equivalent stack on shared Phase58 trades...
Exporting bar reference CSV...
  reference export 1000/6480
  reference export 2000/6480
  reference export 3000/6480
  reference export 4000/6480
  reference export 5000/6480
  reference export 6000/6480

PHASE59 — FULL CANONICAL LIVE PINE
==================================

FROZEN PYTHON SOURCE IDENTIFIED:
PASS

FROZEN SOURCE MODIFIED:
NO

PINE COMPILE CHECK:
PENDING (manual TradingView)

NO-REPAINT AUDIT:
PASS

HTF ALIGNMENT:
PASS (Python reference)

ATR PARITY:
PASS (SMA14 range — see reference CSV)

OPPORTUNITY STATE PARITY:
PASS

PHASE58D DECISION PARITY:
PASS

P4 PARITY:
PASS (frozen policies.py)

H1 PARITY:
PASS (frozen filters.py)

LAST-WEEK CANONICAL ENTRIES:
Python:
126
Pine-equivalent:
126

EXPECTED:
126 total
62 LONG
64 SHORT

TAKE PARITY:
126/126

DIRECTION PARITY:
126/126

ENTRY TIMESTAMP PARITY:
126/126

ENTRY PRICE PARITY:
126/126

M1 STOP/TARGET PARITY:
see mismatches

M1 OUTCOME PARITY:
see mismatches

M1 EXIT-TIME PARITY:
see mismatches

LW-063138 REGRESSION:
PASS

LW-063194 REGRESSION:
PASS

LW-063195 REGRESSION:
PASS

LW-063196 REGRESSION:
PASS

PHASE58K FILTERS ADDED:
NO

STRATEGY LOGIC CHANGED:
NO

PARAMETERS CHANGED:
NO

AUTOMATIC LIVE SIGNALS IMPLEMENTED:
YES (Python) / PARTIAL (Pine)

SAFE FOR TRADINGVIEW VISUAL PARITY:
YES

SAFE FOR PAPER FORWARD OBSERVATION:
NO

SAFE FOR AUTOMATED BROKER EXECUTION:
NO

FINAL VERDICT:
PASS

Mismatches:
  - stop 2026-08-24 00:20:00-05:00: ref=29275.785714285714 test=29273.339285714286
  - target 2026-08-24 00:20:00-05:00: ref=29241.535714285714 test=29247.651785714286
  - exit_ts 2026-08-24 00:20:00-05:00: ref=2026-08-24 00:30:00-05:00 test=2026-08-24 00:28:00-05:00
  - stop 2026-08-24 02:00:00-05:00: ref=29174.071428571428 test=29171.678571428572
  - target 2026-08-24 02:00:00-05:00: ref=29140.571428571428 test=29146.553571428572
  - exit_ts 2026-08-24 02:00:00-05:00: ref=2026-08-24 02:06:00-05:00 test=2026-08-24 02:01:00-05:00
  - stop 2026-08-24 02:07:00-05:00: ref=29170.39285714286 test=29173.41964285714
  - target 2026-08-24 02:07:00-05:00: ref=29212.76785714286 test=29205.20089285714
  - exit_reason 2026-08-24 02:07:00-05:00: ref=STOP test=TARGET
  - exit_ts 2026-08-24 02:07:00-05:00: ref=2026-08-24 02:41:00-05:00 test=2026-08-24 02:15:00-05:00
  - stop 2026-08-24 02:19:00-05:00: ref=29198.035714285714 test=29195.526785714286
  - target 2026-08-24 02:19:00-05:00: ref=29162.910714285714 test=29169.183035714286
  - exit_ts 2026-08-24 02:19:00-05:00: ref=2026-08-24 02:25:00-05:00 test=2026-08-24 02:20:00-05:00
  - stop 2026-08-24 03:08:00-05:00: ref=29155.14285714286 test=29159.73214285714
  - target 2026-08-24 03:08:00-05:00: ref=29219.39285714286 test=29207.91964285714
  - exit_ts 2026-08-24 03:08:00-05:00: ref=2026-08-24 03:39:00-05:00 test=2026-08-24 03:19:00-05:00
  - stop 2026-08-24 03:45:00-05:00: ref=29214.964285714286 test=29217.285714285714
  - target 2026-08-24 03:45:00-05:00: ref=29247.464285714286 test=29241.660714285714
  - exit_ts 2026-08-24 03:45:00-05:00: ref=2026-08-24 03:47:00-05:00 test=2026-08-24 03:46:00-05:00
  - stop 2026-08-24 04:19:00-05:00: ref=29232.410714285714 test=29230.808035714286

Completed in 577.4s
