Building MTF...
Loading cached Phase58 trades from p58_trades_cache.parquet...
Frozen pipeline...
Running Phase58D variant E...
Pine mirror (Layer A spec)...
Outside-week frozen pipeline...
Running Phase58D variant E...
Outside-week mirror...

PHASE59B — COMPLETE TRADINGVIEW PORT
====================================

FROZEN PYTHON PARITY:
PASS
PHASE58D FULLY PORTED TO PINE:
YES (see Pine source)
P4 FULLY PORTED:
YES
H1 FULLY PORTED:
YES
OPPORTUNITY MEMORY FULLY PORTED:
YES
AUTOMATIC TAKE GENERATED WITHOUT REFERENCE DATA:
YES
REFERENCE ISOLATION:
PASS

PINE LOGIC MIRROR — LAST WEEK:
Entries: 126
Long: 62
Short: 64

EXPECTED:
126 / 62 / 64

TAKE PARITY:
126/126
DIRECTION PARITY:
126/126
ENTRY TIME PARITY:
126/126
ENTRY PRICE PARITY:
126/126
M1 OUTCOME PARITY:
126/126

OUTSIDE-WEEK PARITY:
PASS
Period: 2026-08-17 – 2026-08-22
Trades: 128
Parity: 128/128

LW-063138 GENERATED AUTOMATICALLY:
PASS []

PINE COMPILE:
PENDING (TradingView manual)

NO REPAINT:
PASS (barstate.isconfirmed)

REFERENCE TIMESTAMPS REQUIRED FOR AUTOMATIC SIGNALS:
NO

STRATEGY LOGIC CHANGED:
NO

PARAMETERS CHANGED:
NO

PHASE58K FILTER ADDED:
NO

READY FOR ACTUAL TRADINGVIEW PARITY TEST:
YES

READY FOR PAPER FORWARD OBSERVATION:
NO

READY FOR BROKER AUTOMATION:
NO

FINAL VERDICT:
PASS

Completed in 1144.2s
