Causality tests: {'sequential_parity': True, 'max_source': True, 'prefix': True}
  Phase60 baseline run...
  done 36,174 trades in 581.7s
Traceback (most recent call last):
  File "/Users/anishalleti/Library/Python/3.9/lib/python/site-packages/pandas/core/indexes/base.py", line 3812, in get_loc
    return self._engine.get_loc(casted_key)
  File "pandas/_libs/index.pyx", line 167, in pandas._libs.index.IndexEngine.get_loc
  File "pandas/_libs/index.pyx", line 196, in pandas._libs.index.IndexEngine.get_loc
  File "pandas/_libs/hashtable_class_helper.pxi", line 7088, in pandas._libs.hashtable.PyObjectHashTable.get_item
  File "pandas/_libs/hashtable_class_helper.pxi", line 7096, in pandas._libs.hashtable.PyObjectHashTable.get_item
KeyError: 'direction'

The above exception was the direct cause of the following exception:

Traceback (most recent call last):
  File "/Users/anishalleti/CRT indicator/phase60/tools/run_phase60.py", line 347, in <module>
    main()
  File "/Users/anishalleti/CRT indicator/phase60/tools/run_phase60.py", line 310, in main
    compare = compare_phase59i(canon)
  File "/Users/anishalleti/CRT indicator/phase60/tools/run_phase60.py", line 128, in compare_phase59i
    p59_key = set(zip(p59["entry_ts"].astype(str), p59["direction"]))
  File "/Users/anishalleti/Library/Python/3.9/lib/python/site-packages/pandas/core/frame.py", line 4113, in __getitem__
    indexer = self.columns.get_loc(key)
  File "/Users/anishalleti/Library/Python/3.9/lib/python/site-packages/pandas/core/indexes/base.py", line 3819, in get_loc
    raise KeyError(key) from err
KeyError: 'direction'
