Loading data...
Scanning 11 family variants × 6 contexts × 2 session modes...
  [1/11] A1 generate...
  [2/11] A2 generate...
  [3/11] A3 generate...
  [4/11] B1 generate...
  [5/11] B2 generate...
  [6/11] C1 generate...
  [7/11] D1 generate...
  [8/11] E1 generate...
  [9/11] F1 generate...
  [10/11] G1 generate...
  [11/11] G3 generate...
Running opportunity coverage (sampled)...
Traceback (most recent call last):
  File "/Users/anishalleti/CRT indicator/phase52/run.py", line 507, in <module>
    main()
  File "/Users/anishalleti/CRT indicator/phase52/run.py", line 320, in main
    false_signal_analysis(s52_oos).to_csv(RESULTS / "false_signal_analysis.csv", index=False)
  File "/Users/anishalleti/CRT indicator/phase52/run.py", line 153, in false_signal_analysis
    imm_rev = int((trades["MAE_R"] > 1.0) & (trades["MFE_R"] < 0.25)).sum()
  File "/Users/anishalleti/CRT indicator/phase16/.venv/lib/python3.9/site-packages/pandas/core/series.py", line 251, in wrapper
    raise TypeError(f"cannot convert the series to {converter}")
TypeError: cannot convert the series to <class 'int'>
